[weaintplastic.com/index.html]
[backblue.gif]
[fade.gif]
[index.html]
[weaintplastic.com/assets/img/favicons/apple-icon-57x57.png]
[weaintplastic.com/assets/img/favicons/apple-icon-60x60.png]
[weaintplastic.com/assets/img/favicons/apple-icon-72x72.png]
[weaintplastic.com/assets/img/favicons/apple-icon-76x76.png]
[weaintplastic.com/assets/img/favicons/apple-icon-114x114.png]
[weaintplastic.com/assets/img/favicons/apple-icon-120x120.png]
[weaintplastic.com/assets/img/favicons/apple-icon-144x144.png]
[weaintplastic.com/assets/img/favicons/apple-icon-152x152.png]
[weaintplastic.com/assets/img/favicons/apple-icon-180x180.png]
[weaintplastic.com/assets/img/favicons/android-icon-192x192.png]
[weaintplastic.com/assets/img/favicons/favicon-32x32.png]
[weaintplastic.com/assets/img/favicons/favicon-96x96.png]
[weaintplastic.com/assets/img/favicons/favicon-16x16.png]
[weaintplastic.com/assets/img/favicons/manifest.json]
[weaintplastic.com/assets/img/favicons/ms-icon-144x144.png]
[weaintplastic.com/assets/img/sharing.png]
[weaintplastic.com/assets/css/styles.min.css]
[weaintplastic.com/assets/js/respond.min.js]
[weaintplastic.com/assets/js/modernizr.min.js]
[weaintplastic.com/assets/img/gem-textured.png]
[weaintplastic.com/work/expedia-meeting-market-onboarding.html]
[weaintplastic.com/work/atomic-relaunch.html]
[weaintplastic.com/work/melanie-daveid-portfolio.html]
[weaintplastic.com/work/austria-moments.html]
[weaintplastic.com/work/row-low.html]
[weaintplastic.com/work/digging-in-the-crates.html]
[weaintplastic.com/work/infinity-configurator.html]
[weaintplastic.com/work/web-dev-field-guide.html]
[www.google-analytics.com/analytics.js]
[weaintplastic.com/index.html]
[weaintplastic.com/assets/js/scripts.min.js]
[weaintplastic.com/assets/fonts/oak-light/oak-light.eot]
[weaintplastic.com/assets/fonts/oak-light/oak-light.ttf]
[weaintplastic.com/assets/fonts/oak-light/oak-lightd41d.eot]
[weaintplastic.com/assets/fonts/oak-bold/oak-bold.eot]
[weaintplastic.com/assets/js/vendor.min.js]
[weaintplastic.com/assets/fonts/oak-bold/oak-bold.ttf]
[weaintplastic.com/assets/fonts/oak-bold/oak-boldd41d.eot]
[weaintplastic.com/assets/fonts/plantin-light/plantin-light.eot]
[weaintplastic.com/assets/fonts/plantin-light/plantin-light.ttf]
[weaintplastic.com/assets/fonts/plantin-light/plantin-lightd41d.eot]
[weaintplastic.com/assets/img/browser-top.png]
[weaintplastic.com/assets/img/phone-top.png]
[weaintplastic.com/assets/img/phone-bottom.png]
[weaintplastic.com/assets/css/styles.min.css]
[weaintplastic.com/assets/img/logo.svg]
[weaintplastic.com/favicon.ico]
[weaintplastic.com/work/assets/css/styles.min.css]
[weaintplastic.com/work/assets/js/respond.min.js]
[weaintplastic.com/work/assets/js/modernizr.min.js]
[weaintplastic.com/work/assets/img/content/expedia-meeting-market-onboarding/ux-anatomy.png]
[weaintplastic.com/work/assets/img/content/expedia-meeting-market-onboarding/dev-flow-bg.png]
[weaintplastic.com/work/assets/img/content/expedia-meeting-market-onboarding/dev-flow.png]
[weaintplastic.com/work/assets/img/content/expedia-meeting-market-onboarding/user-flow.png]
[weaintplastic.com/work/assets/img/content/expedia-meeting-market-onboarding/inline-validation.gif]
[weaintplastic.com/work/assets/img/content/expedia-meeting-market-onboarding/conversational-form.gif]
[weaintplastic.com/work/assets/img/content/expedia-meeting-market-onboarding/form-components.gif]
[weaintplastic.com/work/assets/img/content/expedia-meeting-market-onboarding/realtime-validation.gif]
[weaintplastic.com/work/assets/img/content/expedia-meeting-market-onboarding/styleguide.png]
[weaintplastic.com/work/expedia-meeting-market-onboarding.html]
[weaintplastic.com/work/assets/js/scripts.min.js]
[weaintplastic.com/work/assets/img/content/atomic-relaunch/user-flow.png]
[weaintplastic.com/work/assets/img/content/atomic-relaunch/ux-mobile-menu.png]
[weaintplastic.com/work/atomic-relaunch.html]
[weaintplastic.com/work/assets/js/vendor.min.js]
[weaintplastic.com/work/assets/img/content/melanie-daveid-portfolio/ux-anathomy.png]
[weaintplastic.com/work/assets/img/content/melanie-daveid-portfolio/capture-desktop.jpg]
[weaintplastic.com/work/assets/img/content/melanie-daveid-portfolio/capture-mobile.jpg]
[weaintplastic.com/work/assets/img/content/melanie-daveid-portfolio/svg-paths.png]
[weaintplastic.com/work/assets/img/content/melanie-daveid-portfolio/svg-animation.gif]
[weaintplastic.com/work/melanie-daveid-portfolio.html]
[weaintplastic.com/work/assets/img/content/austria-moments/desktop-01.jpg]
[weaintplastic.com/work/assets/img/content/austria-moments/desktop-02.jpg]
[weaintplastic.com/work/assets/img/content/austria-moments/desktop-03.jpg]
[weaintplastic.com/work/assets/img/content/austria-moments/desktop-04.jpg]
[weaintplastic.com/work/assets/img/content/austria-moments/desktop-05.jpg]
[weaintplastic.com/work/assets/img/content/austria-moments/mobile-01.jpg]
[weaintplastic.com/work/assets/img/content/austria-moments/mobile-02.jpg]
[weaintplastic.com/work/assets/img/content/austria-moments/mobile-03.jpg]
[weaintplastic.com/work/assets/img/content/austria-moments/mobile-04.jpg]
[weaintplastic.com/work/assets/img/content/austria-moments/mobile-05.jpg]
[weaintplastic.com/work/austria-moments.html]
[weaintplastic.com/work/row-low.html]
[weaintplastic.com/work/assets/img/content/digging-in-the-crates/exhibition-setup.png]
[weaintplastic.com/work/assets/img/content/digging-in-the-crates/interface-technology.png]
[weaintplastic.com/work/assets/img/content/digging-in-the-crates/ux-interactions-closeup.png]
[weaintplastic.com/work/assets/img/content/digging-in-the-crates/ux-interactions-wide.png]
[weaintplastic.com/work/digging-in-the-crates.html]
[weaintplastic.com/work/infinity-configurator.html]
[weaintplastic.com/work/web-dev-field-guide.html]
[weaintplastic.com/assets/img/workflow-headline.svg]
[weaintplastic.com/assets/img/workflow.svg]
[weaintplastic.com/assets/img/workflow-vertical.svg]
[weaintplastic.com/assets/img/logos/logo-twitter.svg]
[weaintplastic.com/assets/img/logos/logo-codepen.svg]
[weaintplastic.com/assets/img/logos/logo-github.svg]
[weaintplastic.com/assets/img/logos/logo-medium.svg]
[weaintplastic.com/assets/img/logos/logo-linkedin.svg]
[weaintplastic.com/assets/img/logos/logo-xing.svg]
[weaintplastic.com/favicon.html]
[weaintplastic.com/work/assets/fonts/oak-light/oak-light.eot]
[weaintplastic.com/work/assets/fonts/oak-light/oak-light.58.delayed]
[weaintplastic.com/work/assets/fonts/oak-light/oak-lightd41d.eot]
[weaintplastic.com/work/assets/fonts/oak-bold/oak-bold.eot]
[weaintplastic.com/work/assets/fonts/oak-bold/oak-bold.ttf]
[weaintplastic.com/work/assets/fonts/oak-bold/oak-boldd41d.eot]
[weaintplastic.com/work/assets/fonts/plantin-light/plantin-light.eot]
[weaintplastic.com/work/assets/fonts/plantin-light/plantin-light.ttf]
[weaintplastic.com/work/assets/fonts/plantin-light/plantin-lightd41d.eot]
[weaintplastic.com/work/assets/img/browser-top.png]
[weaintplastic.com/work/assets/img/phone-top.png]
[weaintplastic.com/work/assets/img/phone-bottom.png]
[weaintplastic.com/work/assets/css/styles.min.css]
[weaintplastic.com/work/assets/img/content/row-low/rowlow.svg]
